main.c:96:5:main	16	static
main.c:246:6:HAL_UART_RxCpltCallback	24	static
main.c:269:6:Convertvalue	32	static
main.c:287:6:FrameUART	8	static
main.c:362:6:CheckUART	16	static
main.c:557:6:IAQcolor	4	static
main.c:581:6:CheckFLAG	4	static
main.c:585:6:FormInterface	16	static
main.c:666:6:IAQform	8	static
main.c:683:6:HAL_TIM_PeriodElapsedCallback	16	static
main.c:700:6:SystemClock_Config	88	static
main.c:744:13:MX_I2C1_Init	8	static
main.c:778:13:MX_SPI2_Init	8	static
main.c:816:13:MX_TIM1_Init	80	static
main.c:885:13:MX_TIM2_Init	64	static
main.c:952:13:MX_TIM3_Init	48	static
main.c:1005:13:MX_USART1_UART_Init	8	static
main.c:1038:13:MX_GPIO_Init	48	static
main.c:1083:6:Error_Handler	4	static
